Starting Nmap 7.94SVN ( https://nmap.org ) at 2026-08-20 04:20 UTC
Nmap scan report for lovable-app-cd-1-4.p.l5e.io (185.158.133.1)
Host is up (0.24s latency).

PORT    STATE SERVICE
443/tcp open  https

Nmap done: 1 IP address (1 host up) scanned in 14.06 seconds
Starting Nmap 7.94SVN ( https://nmap.org ) at 2026-08-20 04:20 UTC
Nmap scan report for 162-241-203-31.unifiedlayer.com (162.241.203.31)
Host is up (0.48s latency).

PORT    STATE SERVICE
443/tcp open  https
| ssl-cert: Subject: commonName=*.hostgator.com.br
| Subject Alternative Name: DNS:*.hostgator.com.br, DNS:hostgator.com.br
| Issuer: commonName=Sectigo Public Server Authentication CA DV R36/organizationName=Sectigo Limited/countryName=GB
| Public Key type: rsa
| Public Key bits: 2048
| Signature Algorithm: sha256WithRSAEncryption
| Not valid before: 2026-05-29T00:00:00
| Not valid after:  2026-12-13T23:59:59
| MD5:   1fe9:2d08:0a70:6797:db60:f882:b778:7748
|_SHA-1: 4e92:037a:7b19:d57f:25d4:b775:b969:acbc:5829:3f75
| ssl-enum-ciphers: 
|   TLSv1.2: 
|     ciphers: 
|       TLS_ECDHE_RSA_WITH_AES_128_GCM_SHA256 (ecdh_x25519) - A
|       TLS_ECDHE_RSA_WITH_AES_256_GCM_SHA384 (ecdh_x25519) - A
|       TLS_ECDHE_RSA_WITH_CHACHA20_POLY1305_SHA256 (ecdh_x25519) - A
|       TLS_DHE_RSA_WITH_AES_128_GCM_SHA256 (dh 2048) - A
|       TLS_DHE_RSA_WITH_AES_256_GCM_SHA384 (dh 2048) - A
|     compressors: 
|       NULL
|     cipher preference: server
|   TLSv1.3: 
|     ciphers: 
|       TLS_AKE_WITH_AES_256_GCM_SHA384 (ecdh_x25519) - A
|       TLS_AKE_WITH_CHACHA20_POLY1305_SHA256 (ecdh_x25519) - A
|       TLS_AKE_WITH_AES_128_GCM_SHA256 (ecdh_x25519) - A
|       TLS_AKE_WITH_AES_128_CCM_SHA256 (ecdh_x25519) - A
|     cipher preference: server
|_  least strength: A

Nmap done: 1 IP address (1 host up) scanned in 61.03 seconds
Starting Nmap 7.94SVN ( https://nmap.org ) at 2026-08-20 04:21 UTC
Nmap scan report for pmminas.com (224.0.0.1)
Host is up (0.42s latency).
rDNS record for 224.0.0.1: all-systems.mcast.net

PORT    STATE SERVICE
443/tcp open  https
| ssl-cert: Subject: commonName=pmminas.com
| Subject Alternative Name: DNS:pmminas.com, DNS:*.pmminas.com
| Issuer: commonName=WE1/organizationName=Google Trust Services/countryName=US
| Public Key type: ec
| Public Key bits: 256
| Signature Algorithm: ecdsa-with-SHA256
| Not valid before: 2026-06-27T01:21:51
| Not valid after:  2026-09-25T02:21:30
| MD5:   4cdc:a940:625b:ff9b:6381:60b7:6fcf:b55c
|_SHA-1: 15e6:694a:e9d4:7313:f43c:0682:0887:dacd:6fef:8f30

Nmap done: 1 IP address (1 host up) scanned in 1.74 seconds
DONE_ALL_TLS
