spotify.com 12
youtube.com 10
aliexpress.com 8
go.getdirectbonus.com 6
support.microsoft.com 6
tg.tinterspaller.cfd 6
google.com 5
moviebox.pub 5
downloadwella.com 4
firefox.com 4
v2006.com 4
accounts.spotify.com 3
allmovieshub.pizza 3
b7510.com 3
e7cod.com 3
gryphline.com 3
optimal730.com 3
oyo4d.com 3
rkv1.com 3
s8ey.com 3
singletplatformgleamenterprises.com 3
x7i0.com 3
login.microsoftonline.com 2
microsoft.com 2
seelenapp.ink 2
stake.ac 2
stake.bet 2
stake.bz 2
stake.ceo 2
stake.com 2
stake.games 2
stake.jp 2
stake.mba 2
stake.pet 2
stake1017.com 2
stake1022.com 2
staketr.com 2
support.spotify.com 2
consent.youtube.com 1
fedoq.com 1
fondleaegipan.shop 1
fzmovies.ng 1
my.rtmark.net 1
opera.com 1
playstake.club 1
stake1069.com 1
uuidksinc.net 1
viiwinli.com 1