2026-08-22T21:38:00Z — INÍCIO do engagement apsv-iptv.duckdns.org
2026-08-22T21:38:00Z — Fase 1 (Escopo): estrutura criada, SCOPE.md/PLAN.md/REPORT.md/timeline.log criados
2026-08-22T21:38:00Z — OPSEC: Tor verificado (9050 ativo), proxychains configurado
2026-08-22T22:00:00Z — Fase 2 (Recon passivo) CONCLUÍDA
2026-08-22T22:00:00Z — Alvo: apsv-iptv.duckdns.org (TelaViva IPTV)
2026-08-22T22:00:00Z — IP real: 56.125.111.53 (AWS, origem direta, sem Cloudflare)
2026-08-22T22:00:00Z — Tech: Next.js + Nginx 1.24.0 + Node.js + React + Capacitor
2026-08-22T22:00:00Z — Domínio correlato: telaviva.com.br (WordPress, Bluehost, Teletime)
2026-08-22T22:00:00Z — cPanel/WHM exposto em telaviva.com.br
2026-08-22T22:00:00Z — API REST com JWT (10 endpoints identificados)
2026-08-22T22:00:00Z — Rate limit: 10000 req, reset 26s
2026-08-22T22:00:00Z — CDN: BunnyCDN (pull zone 2489850)
2026-08-22T22:00:00Z — PASSIVE.md consolidado em recon/passive/
2026-08-22T22:00:10Z — Fase 3 (Recon ativo) CONCLUÍDA
2026-08-22T22:00:10Z — Host apsv-iptv: portas 22(SSH 9.6), 80/443(Nginx 1.24, Next.js). Sem WAF. 
2026-08-22T22:00:10Z — Host telaviva.com.br: portas 21(FTP), 26/465/587(SMTP Exim 4.99), 53(DNS), 143/993(IMAP), 2082-2096(cPanel/WHM), 22022(SSH 7.4)
2026-08-22T22:00:10Z — Host telaviva.net: 51.116.99.197 — OUT OF SCOPE (MS IIS, cert não-TelaViva)
2026-08-22T22:00:10Z — CRÍTICO: cPanel/WHM + phpPgAdmin expostos em telaviva.com.br
2026-08-22T22:00:10Z — CRÍTICO: xmlrpc.php exposto no WordPress
2026-08-22T22:00:10Z — ALTO: JWT API disponível em apsv-iptv (rate limit frágil, sem WAF)
2026-08-22T22:00:10Z — ALTO: Exim 4.99.5 SMTP, OpenSSH 7.4 (porta 22022)
2026-08-22T22:00:10Z — SUMMARY.md consolidado em recon/ com ranking de payoff
2026-08-22T22:00:10Z — Fase 4+5 lançadas em paralelo: Webapp JWT API + CVE research
2026-08-22T22:25:00Z — 🟥 F-001 CRÍTICA: admin:admin123 → JWT ADMIN obtido (role ADMIN, maxConnections 999)
2026-08-22T22:25:00Z — 🟥 F-002 CRÍTICA: /api/admin/config expõe RESEND_API_KEY, TURNSTILE_SECRET, TMDB_KEY, POSTHOG_KEY
2026-08-22T22:25:00Z — 🟧 F-007 ALTA: 8+ rotas admin expostas (/api/admin/*, /admin/*)
2026-08-22T22:25:00Z — 🟡 F-003 MÉDIA: 487 canais públicos via /api/channels/verified
2026-08-22T22:25:00Z — 🟡 F-004 MÉDIA: CORS wildcard (*) em toda API
2026-08-22T22:25:00Z — 🟡 F-005 MÉDIA: Logs com IPs reais de usuários expostos
2026-08-22T22:25:00Z — ⬜ F-006 BAIXA: Rate limit 10k/26s (~23k req/min)
2026-08-23T03:00:00Z — 🔄 PIVOT INICIADO: telaviva.com.br — testar reuso admin:admin123 + enumeração completa
2026-08-23T03:05:00Z — WordPress: REST API user enum bloqueada (rest_user_cannot_view). xmlrpc ativo mas WAF bloqueia métodos
2026-08-23T03:10:00Z — WordPress: Author pages existem mas todas redirecionam para "Bruno do Amaral" (catch-all)
2026-08-23T03:10:00Z — WPScan: WordPress 7.0.4 (latest), Theme Newspaper 12.7.7, 10+ plugins identificados
2026-08-23T03:12:00Z — cPanel: admin:admin123 = invalid_login. WHM: admin:admin123 = see_login_log. Nenhuma credencial funcionou
2026-08-23T03:13:00Z — FTP: Pure-FTPd sem anonymous (530 rejected)
2026-08-23T03:15:00Z — SMTP: Exim 4.99.5 requer autenticação (não open relay). STARTTLS disponível
2026-08-23T03:16:00Z — DNS: PowerDNS 4.9.16, zone transfer negada. Google MX, SPF configurado
2026-08-23T03:17:00Z — SSH: OpenSSH 7.4 em porta 22022
2026-08-23T03:20:00Z — BunnyCDN: Pull zone configurado, sem exposição de diretórios
2026-08-23T03:25:00Z — Evidências F-001 a F-008 geradas. Nenhuma credencial reusada com sucesso
2026-08-22T22:25:00Z — Loot: admin-jwt.txt salvo em loot/, evidências F-001 a F-007 em evidence/
2026-08-22T22:25:00Z — CVE research concluída: CVE-2025-29927 (Next.js middleware bypass) + outros aplicáveis
2026-08-22T22:25:00Z — Pivot telaviva: admin:admin123 não funcionou em cPanel/WHM/WordPress/FTP
2026-08-22T22:25:00Z — telaviva: WordPress 7.0.4 (atualizado), Theme TagDiv 12.7.7, plugins PRO
2026-08-22T22:25:00Z — telaviva: PowerDNS 4.9.16 (refused AXFR), Exim 4.99.5 (não open relay), Pure-FTPd (no anonymous), Roundcube webmail detectado
2026-08-22T22:25:00Z — telaviva: OpenSSH 7.4 (porta 22022) — CVE-2018-15473 candidate
2026-08-22T22:30:00Z — RESEND_API_KEY validada: free-tier, domínio apsv-iptv.duckdns.org não verificado, só envia para owner (josephfelipegusmao09@gmail.com)
2026-08-22T22:40:00Z — JWT crack tentado: secret forte (não quebrado com rockyou + custom wordlists + hashcat/jwt-cracker)
2026-08-22T22:40:00Z — API admin explorada: 4 usuários (admin, paulinha, felipe, revendedor), 1797 canais, 20 VOD, 0 pagamentos
2026-08-22T22:40:00Z — Descobertos: RESEND API key completa, TMDB key, Turnstile keys, PostHog key
2026-08-22T22:40:00Z — Mass assignment: role rejeitada, planId aceito — privesc negado
2026-08-22T22:50:00Z — SSH enum: OpenSSH 7.4 confirmado — apenas publickey/gssapi (sem password), CVE-2018-15473 não aplicável
2026-08-22T22:50:00Z — TESTES FINAIS: rate limit atingido (429)
2026-08-23T04:30:00Z — ✅ ENGAGEMENT CONCLUÍDO
2026-08-23T04:30:00Z — Total findings: 7 (2 críticas, 1 alta, 3 médias, 1 baixa)
2026-08-23T04:30:00Z — Acessos: 1 (JWT ADMIN — admin:admin123)
2026-08-23T04:30:00Z — REPORT.md finalizado
2026-08-22T22:15:00Z — Fase 3 (Recon ativo) CONCLUÍDA
2026-08-22T22:15:00Z — Host 1: 56.125.111.53 (apsv-iptv): Portas 22/SSH 9.6p1, 80/nginx, 443/nginx. No WAF. TLS 1.2/1.3 only (A-rated). Cert: testandoem.duckdns.org
2026-08-22T22:15:00Z — Host 2: 162.214.99.39 (telaviva.com.br): 18 portas abertas. CRÍTICO: cPanel(2083), WHM(2087), Webmail(2096), phpPgAdmin referenciado. ALTO: WordPress, Exim 4.99.5, Pure-FTPd, Dovecot, DNS, OpenSSH 7.4. No WAF.
2026-08-22T22:15:00Z — Host 3: 51.116.99.197 (telaviva.net): OUT OF SCOPE — GoDaddy parked, cert checkin.icreate-campaign.com, MS IIS 10.0, não é TelaViva
2026-08-22T22:15:00Z — Screenshots capturadas (4 hosts): apsv-iptv, telaviva.com.br, cPanel, WHM
2026-08-22T22:15:00Z — Vhost fuzzing: 0 resultados (DuckDNS wildcard)
2026-08-22T22:15:00Z — ACTIVE.md, SUMMARY.md consolidados em recon/
2026-08-22T22:15:00Z — Próximo passo: Fase 4 — Enumeração profunda (cPanel brute, wpscan, JWT attacks, DNS zone transfer)
2026-08-22T22:20:00Z — Fase 4 (CVE Research) CONCLUÍDA
2026-08-22T22:20:00Z — TOP 1: CVE-2025-29927 (Next.js, CRITICAL 9.1) — middleware bypass header
2026-08-22T22:20:00Z — TOP 2: CVE-2024-6387 (OpenSSH 9.6p1, HIGH 8.1) — regreSSHion RCE
2026-08-22T22:20:00Z — TOP 3: CVE-2026-44573/44574/44575 (Next.js 2026, HIGH) — bypasses adicionais
2026-08-22T22:20:00Z — CVE-2023-51766 (Exim SMTP Smuggling) — NÃO APLICÁVEL (Exim 4.99.5 >= 4.97.1)
2026-08-22T22:20:00Z — CVE-2024-6387 (OpenSSH 7.4:22022) — NÃO APLICÁVEL (4.4p1 < 7.4 < 8.5p1)
2026-08-22T22:20:00Z — WP Rocket 3.21.3 — NÃO APLICÁVEL (LFI < 2.10.3)
2026-08-22T22:20:00Z — PoCs salvos: CVE-2025-29927 (.py/.sh), CVE-2024-6387 (clone + checker)
2026-08-22T22:20:00Z — cve_research.md, cve_apsv-iptv.txt, cve_telaviva.txt gerados
2026-08-22T22:20:00Z — Próximo passo: Validar CVE-2025-29927 no alvo (header injection)
2026-08-22T22:19:00Z — Especialista webapp iniciou testes JWT API
2026-08-22T22:20:00Z — Recon: Health check OK, endpoints mapeados
2026-08-22T22:20:00Z — Teste: alg=none, auth bypass, Next.js middleware bypass (CVE-2025-29927) — SEM SUCESSO
2026-08-22T22:20:08Z — Descoberta: /api/auth/login existe (validação de schema: username+password)
2026-08-22T22:20:08Z — Descoberta: /api/auth/register retorna 404 (registro desabilitado)
2026-08-22T22:20:22Z — Descoberta: /api/auth/login tem rate limit de 10 tentativas/min
2026-08-22T22:22:57Z — Descoberta: /api/channels/verified é público (lista 487 canais)
2026-08-22T22:23:23Z — CRÍTICO: admin:admin123 → JWT ADMIN obtido!
2026-08-22T22:23:23Z — Loot: JWT admin salvo em loot/admin-jwt.txt
2026-08-22T22:26:00Z — Acesso: /api/channels (canais), /api/vod (VOD), /api/epg (EPG), /api/payments, /api/users
2026-08-22T22:26:48Z — Descoberta: /api/stream/play/[id] retorna embed sources (2Embed, VidSrc, VidLink, etc.)
2026-08-22T22:28:20Z — Descoberta: /admin/dashboard carrega (admin panel Next.js)
2026-08-22T22:29:57Z — CRÍTICO: /api/admin/config expõe RESEND_API_KEY, TURNSTILE_SECRET, TMDB_API_KEY, POSTHOG_KEY
2026-08-22T22:29:57Z — CRÍTICO: /api/admin/dashboard expõe stats (4 users, 487 channels, 7 plans, 1 reseller)
2026-08-22T22:30:02Z — Descoberta: /api/admin/logs expõe logs de atividade com IPs
2026-08-22T22:30:02Z — Descoberta: /api/admin/payments (vazio — sem pagamentos no sistema)
2026-08-22T22:30:02Z — Descoberta: /api/admin/config expõe CORS = *, REGISTRATION_ENABLED=false, STREAM_TOKEN_EXPIRY
2026-08-22T22:31:00Z — Evidências salvas: F-001 a F-007
2026-08-22T22:32:00Z — REPORT.md e timeline.log atualizados
[2026-08-23T03:35:11Z] RESEND_API_KEY validated - re_hLbDh5BD_G9coRPt9agoCBDgDMTFTKXkt - Valid, 1 domain (failed), 1 audience (0 contacts), free tier, email sent to owner josephfelipegusmao09@gmail.com
[2026-08-23 04:06:07] ADMIN_API_DEEP: Exploração completa da API admin. Token renovado, endpoints mapeados, dados coletados.
[2026-08-23T04:25:07Z] JWT crack: multiple attempts with hashcat (rockyou + best64), jwt-cracker, python custom wordlists. JWT secret NOT cracked. Admin credentials admin:admin123 still work. Admin API access confirmed including config read/write, user creation, logs.
