--------------------
AS13335
AS46606

[*] Interesting Urls found: 1
--------------------
https://pmminas.com/

[*] No LinkedIn users found.



[*] LinkedIn Links found: 0
---------------------

[*] IPs found: 3
-------------------
162.241.203.31
188.114.96.3
2a06:98c1:3121::3

[*] No emails found.

[*] No people found.

[*] Hosts found: 33
---------------------
*.pmminas.com
autodiscover.pmminas.com
autodiscover.pmminas.com:162.241.203.31
autodiscover.pmminas.com:177.154.191.198
autodiscoverp.pmminas.com
br.pmminas.com
com.br.pmminas.com
cpanel.pmminas.com
cpanel.pmminas.com:pmminas.com
cpanel.pmminas.com:pmminas.com.
cpanelc.pmminas.com2026-08-20 04:19:03,046 - api_endpoints - INFO - Starting API endpoint scan for pmminas.com
2026-08-20 04:19:03,047 - api_endpoints - INFO - Detected schema for pmminas.com: http
2026-08-20 04:19:03,047 - api_endpoints - INFO - Prepared 1834 endpoints to scan with concurrency 20
2026-08-20 04:19:03,070 - api_endpoints - INFO - API endpoint scan completed. Found 0 endpoints.

cpanelr.pmminas.com
cpcalendars.pmminas.com
cpcalendars.pmminas.com:162.241.203.31
cpcalendarsr.pmminas.com
cpcontacts.pmminas.com
cpcontactsk.pmminas.com
cpcontactss8.pmminas.com
g2lavras.com.br.pmminas.com
g2lavras.com.br.pmminas.com:162.241.203.31
mail.pmminas.com
mail.pmminas.com:pmminas.com.
metodooba.pmminas.com
pixel.pmminas.com
pixel.pmminas.com:pixel.eduzz.com
pixel.pmminas.com:pixel.eduzz.com.
pmminas.pmminas.com
simuladosoba.pmminas.com
stape.pmminas.com
webdisk.pmminas.com
webmail.pmminas.com
webmail.pmminas.com:177.154.191.198
webmail.pmminas.com:pmminas.com.

[*] Reporting started.
[*] XML File saved.
[*] JSON File saved.




[*] Starting API endpoint scanning with wordlist: /home/ubuntu/.local/lib/python3.12/site-packages/theHarvester/data/wordlists/api_endpoints.txt

[*] API Endpoints found: 0

[*] Interesting endpoints (200, 201, 202): 0

[*] Endpoints requiring authentication: 0

[*] Detected API versions: 0

[*] Rate limited endpoints: 0

[*] HTTP methods used: 

[*] HTTP status codes encountered: 

[+] API scanning completed successfully.

[*] Performing SecurityScorecard scan...
Read api-keys.yaml from /home/ubuntu/.theHarvester/api-keys.yaml
[!] Missing API key for SecurityScorecard.
Error in SecurityScorecard search: 
[!] Missing API key for SecurityScorecard. 
An exception has occurred in SecurityScorecard scanning: 'SearchSecurityScorecard' object has no attribute 'get_ips'

[*] Performing BuiltWith scan...
Read api-keys.yaml from /home/ubuntu/.theHarvester/api-keys.yaml
Error in BuiltWith search: 200, message='Attempt to decode JSON with unexpected mimetype: text/json; charset=utf-8', url='https://api.builtwith.com/v21/api.json?KEY=None&LOOKUP=pmminas.com'
