52278 : 2026-08-20 03:38:00,756 : INFO : telemetry.main : Attempt start. Configuration directory [/home/ubuntu/.azure].
52278 : 2026-08-20 03:38:00,757 : DEBUG : telemetry.note : acquiring lock
52278 : 2026-08-20 03:38:00,759 : DEBUG : telemetry.note : acquired lock
52278 : 2026-08-20 03:38:00,759 : INFO : telemetry.note : Update the note mtime to 2026-08-20 03:38:00.759449
52278 : 2026-08-20 03:38:00,759 : WARNING : telemetry.note : Fail to parse or read the timestamp 'N/A' in the note file. Set the last send time to minimal. Reason: not readable
52278 : 2026-08-20 03:38:00,759 : INFO : telemetry.records : 1 cache files to move.
52278 : 2026-08-20 03:38:00,759 : INFO : telemetry.records : Create temp folder /tmp/tmpdnk5_2g7
52278 : 2026-08-20 03:38:00,759 : INFO : telemetry.records : Move file /home/ubuntu/.azure/telemetry/cache to /tmp/tmpdnk5_2g7/cache
52278 : 2026-08-20 03:38:00,763 : INFO : telemetry.records : Processed file /tmp/tmpdnk5_2g7/cache into 1 records.
52278 : 2026-08-20 03:38:00,763 : INFO : telemetry.records : Remove directory /tmp/tmpdnk5_2g7
52278 : 2026-08-20 03:38:00,764 : INFO : telemetry.client : Accumulated 1 events. Flush the clients.
52278 : 2026-08-20 03:38:00,769 : INFO : telemetry.client : Flush client c4395b75-49cc-422c-bc95-c7d51aef5d46.
52278 : 2026-08-20 03:38:08,694 : INFO : telemetry.sender : Sending 4171 bytes
52278 : 2026-08-20 03:38:08,695 : INFO : telemetry.sender : Finish uploading in 7.925525 seconds.
52278 : 2026-08-20 03:38:08,695 : INFO : telemetry.note : Update the last send in note to 2026-08-20 03:38:00
52278 : 2026-08-20 03:38:08,695 : INFO : telemetry.note : Update the note mtime to 2026-08-20 03:38:08.695405
52421 : 2026-08-20 03:38:44,487 : INFO : telemetry.main : Attempt start. Configuration directory [/home/ubuntu/.azure].
52421 : 2026-08-20 03:38:44,487 : DEBUG : telemetry.note : acquiring lock
52421 : 2026-08-20 03:38:44,487 : DEBUG : telemetry.note : acquired lock
52421 : 2026-08-20 03:38:44,487 : INFO : telemetry.note : Update the note mtime to 2026-08-20 03:38:44.487843
52421 : 2026-08-20 03:38:44,489 : INFO : telemetry.note : Read timestamp from the note. The last send was 2026-08-20 03:38:00.
52421 : 2026-08-20 03:38:44,489 : INFO : telemetry.records : 1 cache files to move.
52421 : 2026-08-20 03:38:44,489 : INFO : telemetry.records : Create temp folder /tmp/tmpvlub0_er
52421 : 2026-08-20 03:38:44,489 : INFO : telemetry.records : Move file /home/ubuntu/.azure/telemetry/cache to /tmp/tmpvlub0_er/cache
52421 : 2026-08-20 03:38:44,489 : INFO : telemetry.records : Processed file /tmp/tmpvlub0_er/cache into 1 records.
52421 : 2026-08-20 03:38:44,489 : INFO : telemetry.records : Remove directory /tmp/tmpvlub0_er
52421 : 2026-08-20 03:38:44,490 : INFO : telemetry.client : Accumulated 1 events. Flush the clients.
52421 : 2026-08-20 03:38:44,490 : INFO : telemetry.client : Flush client c4395b75-49cc-422c-bc95-c7d51aef5d46.
52421 : 2026-08-20 03:38:45,034 : INFO : telemetry.sender : Sending 4171 bytes
52421 : 2026-08-20 03:38:45,035 : INFO : telemetry.sender : Finish uploading in 0.544431 seconds.
52421 : 2026-08-20 03:38:45,035 : INFO : telemetry.note : Update the last send in note to 2026-08-20 03:38:44
52421 : 2026-08-20 03:38:45,035 : INFO : telemetry.note : Update the note mtime to 2026-08-20 03:38:45.035389
52585 : 2026-08-20 03:39:51,767 : INFO : telemetry.main : Attempt start. Configuration directory [/home/ubuntu/.azure].
52585 : 2026-08-20 03:39:51,768 : DEBUG : telemetry.note : acquiring lock
52585 : 2026-08-20 03:39:51,768 : DEBUG : telemetry.note : acquired lock
52585 : 2026-08-20 03:39:51,768 : INFO : telemetry.note : Update the note mtime to 2026-08-20 03:39:51.768269
52585 : 2026-08-20 03:39:51,771 : INFO : telemetry.note : Read timestamp from the note. The last send was 2026-08-20 03:38:44.
52585 : 2026-08-20 03:39:51,772 : INFO : telemetry.records : 1 cache files to move.
52585 : 2026-08-20 03:39:51,772 : INFO : telemetry.records : Create temp folder /tmp/tmp3hv24fk2
52585 : 2026-08-20 03:39:51,772 : INFO : telemetry.records : Move file /home/ubuntu/.azure/telemetry/cache to /tmp/tmp3hv24fk2/cache
52585 : 2026-08-20 03:39:51,772 : INFO : telemetry.records : Processed file /tmp/tmp3hv24fk2/cache into 1 records.
52585 : 2026-08-20 03:39:51,772 : INFO : telemetry.records : Remove directory /tmp/tmp3hv24fk2
52585 : 2026-08-20 03:39:51,772 : INFO : telemetry.client : Accumulated 1 events. Flush the clients.
52585 : 2026-08-20 03:39:51,772 : INFO : telemetry.client : Flush client c4395b75-49cc-422c-bc95-c7d51aef5d46.
52585 : 2026-08-20 03:39:52,308 : INFO : telemetry.sender : Sending 4171 bytes
52585 : 2026-08-20 03:39:52,308 : INFO : telemetry.sender : Finish uploading in 0.534891 seconds.
52585 : 2026-08-20 03:39:52,308 : INFO : telemetry.note : Update the last send in note to 2026-08-20 03:39:51
52585 : 2026-08-20 03:39:52,308 : INFO : telemetry.note : Update the note mtime to 2026-08-20 03:39:52.308963
