google.com 94
accounts.google.com 49
bangerscrib.com 46
mail.google.com 38
b7510.com 36
xvideos.com 30
fhvfd.com 16
britannica.com 14
m1rs.com 14
youtube.com 14
corralsspatio.shop 13
en.wikipedia.org 13
fx.kongohypos.cyou 13
stake.bet 12
thenkiri.com 12
405kk.com 11
bing.com 11
go.getdirectbonus.com 11
virginzdiary.com 11
s.painamour.com 10
shorts.bangerscrib.com 8
downloadwella.com 7
quora.com 7
bk.usesmock.top 6
instagram.com 6
rcdn-web.com 6
1xbet.ng 5
accounts.google.com.ng 5
bbc.com 5
fzmovies.ng 5
myaccount.google.com 5
radiusix.net 5
realintelligence360.com 5
sq.teopantrivant.shop 5
translate.google.com 5
734map.net 4
aahentai.xyz 4
bbc.co.uk 4
chicagomanualofstyle.org 4
nbcnews.com 4
net9ja.com.ng 4
ng.redwebsecurity.com 4
tandfonline.com 4
techsavys.info 4
ty.enagemimble.qpon 4
zu.ashamnuberret.shop 4
1ato.com 3
bcgamebet.ng 3
consent.youtube.com 3
ei.abamawristed.shop 3
exness.com 3
fumidsciniph.shop 3
hotspot.uniben.edu 3
materialculture.nl 3
mks98.com 3
mozilla.org 3
one.exnesstrack.org 3
punchng.com 3
redtube.com 3
scholar.google.com 3
sm.hazzanphano.shop 3
tips-and-tricks.co 3
track.exness.com 3
viiwinli.com 3
4nicebets.org 2
books.google.de 2
c-span.org 2
cnn.com 2
easycloudlabs.my 2
edition.cnn.com 2
eu.spacefree.space 2
forgavedisciplinetolerance.com 2
g2288.com 2
kidsinstancesfavor.com 2
lexisnexis.co.uk 2
loadedfiles.org 2
maps.google.com 2
microsoft.com 2
msftconnecttest.com 2
nwo.nl 2
plyer.saicedevours.top 2
refpa37630.com 2
refpa426945.one 2
s.optvz.com 2
storeworld.my 2
voaafrica.com 2
wetafiles.com 2
yahoo.com 2
922proxy.com 1
abc.net.au 1
account.microsoft.com 1
accounts.youtube.com 1
alvsx.newrtbfeed.com 1
api.taboola.com 1
bemobi.mtn.ng 1
bonus.paripesa.ng 1
bonus.rdrctpar24.lol 1
cbsnews.com 1
click.alibaba.com 1
co.buttingtempter.click 1
consortshaheen.shop 1
deriv.com 1
engage2.mtn.ng 1
firefox.com 1
fscore-ir.com 1
fz.antiaeaits.cyou 1
go.microsoft.com 1
guce.yahoo.com 1
gxcorner.games 1
hglfhehnlngcghjibkocbphocccdoipk 1
idp.springer.com 1
ii.galeusguinea.cyou 1
journals.gulfuniversity.org 1
link.springer.com 1
login.live.com 1
lr.corrumpskeptic.cyou 1
mamusicon.com 1
ms.now 1
msn.com 1
naijaporntape.com 1
net9jaseries.com 1
onochehmbbbmkaffnheflmfpfjgppblm 1
partnerbcgame.com 1
pbs.org 1
playstake.club 1
porn.bangerscrib.com 1
premiumtimesng.com 1
ratemyprofessors.com 1
readingandwalking.ca 1
refpa18588.com 1
refpanjoke.com 1
research-collection.ethz.ch 1
scribd.com 1
stake.com 1
subttsearch.com 1
support.google.com 1
tallatesics.top 1
theguardian.com 1
track.deriv.be 1
track.getads.online 1
unesco.org 1
unlashchaule.qpon 1
upload.wikimedia.org 1
wb.omegatootler.rest 1
whitebit.com 1
workspace.google.com 1
wortledeserve.qpon 1
wsj.com 1
x-artvideo.net 1
xxx.bangerscrib.com 1
z.cdn.adsbetnet.com 1
z.cdn.ftd.agency 1